******************************************************************************
                  TI ARM Linker PC v20.2.5                     
******************************************************************************
>> Linked Wed May  5 18:54:39 2021

OUTPUT FILE NAME:   <Experimento1.out>
ENTRY POINT SYMBOL: "_c_int00_noinit_noargs"  address: 000005c1


MEMORY CONFIGURATION

         name            origin    length      used     unused   attr    fill
----------------------  --------  ---------  --------  --------  ----  --------
  FLASH                 00000000   00040000  00000666  0003f99a  R  X
  SRAM                  20000000   00008000  00000200  00007e00  RW X


SEGMENT ALLOCATION MAP

run origin  load origin   length   init length attrs members
----------  ----------- ---------- ----------- ----- -------
00000000    00000000    00000666   00000666    r-x
  00000000    00000000    0000026c   0000026c    r-- .intvecs
  0000026c    0000026c    000003fa   000003fa    r-x .text
20000000    20000000    00000200   00000000    rw-
  20000000    20000000    00000200   00000000    rw- .stack


SECTION ALLOCATION MAP

 output                                  attributes/
section   page    origin      length       input sections
--------  ----  ----------  ----------   ----------------
.intvecs   0    00000000    0000026c     
                  00000000    0000026c     tm4c123gh6pm_startup_ccs.obj (.intvecs)

.text      0    0000026c    000003fa     
                  0000026c    00000132     driverlib.lib : gpio.obj (.text:GPIOPadConfigSet)
                  0000039e    00000002     --HOLE-- [fill = 0]
                  000003a0    000000f8     main.obj (.text)
                  00000498    000000f4     driverlib.lib : sysctl.obj (.text:SysCtlClockSet)
                  0000058c    00000034                   : sysctl.obj (.text:SysCtlPeripheralEnable)
                  000005c0    0000002c     rtsv7M4_T_le_v4SPD16_eabi.lib : boot_cortex_m.c.obj (.text:_c_int00_noinit_noargs:_c_int00_noinit_noargs)
                  000005ec    0000002a     driverlib.lib : gpio.obj (.text:GPIODirModeSet)
                  00000616    00000018                   : gpio.obj (.text:GPIOPinTypeGPIOOutput)
                  0000062e    00000012                   : gpio.obj (.text:GPIOPinTypeGPIOInput)
                  00000640    0000000c     tm4c123gh6pm_startup_ccs.obj (.text)
                  0000064c    00000006     driverlib.lib : gpio.obj (.text:GPIOPinRead)
                  00000652    00000006                   : gpio.obj (.text:GPIOPinWrite)
                  00000658    00000006                   : sysctl.obj (.text:SysCtlDelay)
                  0000065e    00000004     rtsv7M4_T_le_v4SPD16_eabi.lib : pre_init.c.obj (.text:_system_pre_init)
                  00000662    00000004                                   : exit.c.obj (.text:abort:abort)

.cinit     0    00000000    00000000     UNINITIALIZED

.init_array 
*          0    00000000    00000000     UNINITIALIZED

.stack     0    20000000    00000200     UNINITIALIZED
                  20000000    00000004     rtsv7M4_T_le_v4SPD16_eabi.lib : boot_cortex_m.c.obj (.stack)
                  20000004    000001fc     --HOLE--

__llvm_prf_cnts 
*          0    20000000    00000000     UNINITIALIZED

MODULE SUMMARY

       Module                         code   ro data   rw data
       ------                         ----   -------   -------
    .\
       tm4c123gh6pm_startup_ccs.obj   12     620       0      
       main.obj                       248    0         0      
    +--+------------------------------+------+---------+---------+
       Total:                         260    620       0      
                                                              
    D:/TivaWare/driverlib/ccs/Debug/driverlib.lib
       gpio.obj                       402    0         0      
       sysctl.obj                     302    0         0      
    +--+------------------------------+------+---------+---------+
       Total:                         704    0         0      
                                                              
    D:\programas\codeComposer\ccs\tools\compiler\ti-cgt-arm_20.2.5.LTS\lib\rtsv7M4_T_le_v4SPD16_eabi.lib
       boot_cortex_m.c.obj            44     0         0      
       exit.c.obj                     4      0         0      
       pre_init.c.obj                 4      0         0      
    +--+------------------------------+------+---------+---------+
       Total:                         52     0         0      
                                                              
       Stack:                         0      0         512    
    +--+------------------------------+------+---------+---------+
       Grand Total:                   1016   620       512    


GLOBAL SYMBOLS: SORTED ALPHABETICALLY BY Name 

address   name                   
-------   ----                   
00000663  C$$EXIT                
000005ed  GPIODirModeSet         
0000026d  GPIOPadConfigSet       
0000064d  GPIOPinRead            
0000062f  GPIOPinTypeGPIOInput   
00000617  GPIOPinTypeGPIOOutput  
00000653  GPIOPinWrite           
00000641  ResetISR               
00000499  SysCtlClockSet         
00000659  SysCtlDelay            
0000058d  SysCtlPeripheralEnable 
20000200  __STACK_END            
00000200  __STACK_SIZE           
20000200  __STACK_TOP            
ffffffff  __TI_pprof_out_hndl    
ffffffff  __TI_prof_data_size    
ffffffff  __TI_prof_data_start   
00000000  __TI_static_base__     
ffffffff  __binit__              
ffffffff  __c_args__             
UNDEFED   __mpu_init             
20000000  __stack                
20000000  __start___llvm_prf_cnts
20000000  __stop___llvm_prf_cnts 
000005c1  _c_int00_noinit_noargs 
0000065f  _system_pre_init       
00000663  abort                  
ffffffff  binit                  
0000045d  delay                  
00000000  g_pfnVectors           
000003a1  main                   
000003f3  semaforo               


GLOBAL SYMBOLS: SORTED BY Symbol Address 

address   name                   
-------   ----                   
00000000  __TI_static_base__     
00000000  g_pfnVectors           
00000200  __STACK_SIZE           
0000026d  GPIOPadConfigSet       
000003a1  main                   
000003f3  semaforo               
0000045d  delay                  
00000499  SysCtlClockSet         
0000058d  SysCtlPeripheralEnable 
000005c1  _c_int00_noinit_noargs 
000005ed  GPIODirModeSet         
00000617  GPIOPinTypeGPIOOutput  
0000062f  GPIOPinTypeGPIOInput   
00000641  ResetISR               
0000064d  GPIOPinRead            
00000653  GPIOPinWrite           
00000659  SysCtlDelay            
0000065f  _system_pre_init       
00000663  C$$EXIT                
00000663  abort                  
20000000  __stack                
20000000  __start___llvm_prf_cnts
20000000  __stop___llvm_prf_cnts 
20000200  __STACK_END            
20000200  __STACK_TOP            
ffffffff  __TI_pprof_out_hndl    
ffffffff  __TI_prof_data_size    
ffffffff  __TI_prof_data_start   
ffffffff  __binit__              
ffffffff  __c_args__             
ffffffff  binit                  
UNDEFED   __mpu_init             

[32 symbols]
